// Jest Snapshot v1, https://goo.gl/fbAQLP

exports[`basic snapshot 1`] = `
<div
  className="css-1py3auy e1n4b2jv0"
  style={Object {}}
>
  <div
    className="SkProductGrid-resultCard-1"
    style={Object {}}
  >
    <div
      className="css-ixn26d e1hwwpu60"
    >
      <p
        className="css-14pyrcn "
      >
        30
         results found in 
        1
        ms
      </p>
    </div>
    <div
      className="css-omf3o4 "
    >
      <a
        className="resultImage css-1p9dq2h e1cc0ogo1"
        href="/product/thankful-t-shirt"
        onClick={[Function]}
        rel={null}
        target="_self"
      >
        <div
          className="css-g6qnsb e1cc0ogo0"
          style={
            Object {
              "backgroundImage": "url(http://localhost:3000/undefined)",
            }
          }
        />
        <h2
          className="css-1pwe92q e1hnx4sx0"
        >
          <div>
            Thankful T-Shirt
            $24.99
          </div>
        </h2>
        <article
          dangerouslySetInnerHTML={
            Object {
              "__html": "Blessed Clothing",
            }
          }
        />
      </a>
    </div>
    <div
      className="css-11s5mbb "
    >
      <a
        className="css-dvxycr e165j7gc0"
        disabled={true}
        onClick={[Function]}
        onKeyPress={[Function]}
        tabIndex="0"
      >
        Prev
      </a>
      <a
        className=" active css-fdtpv0 e165j7gc0"
        href="?searchResultCard=1"
        onClick={[Function]}
        onKeyPress={[Function]}
        tabIndex="0"
      >
        1
      </a>
      <a
        className="css-4kq8mq e165j7gc0"
        href="?searchResultCard=2"
        onClick={[Function]}
        onKeyPress={[Function]}
        tabIndex="0"
      >
        2
      </a>
      <a
        className="css-4kq8mq e165j7gc0"
        href="?searchResultCard=3"
        onClick={[Function]}
        onKeyPress={[Function]}
        tabIndex="0"
      >
        3
      </a>
      <a
        className="css-4kq8mq e165j7gc0"
        href="?searchResultCard=4"
        onClick={[Function]}
        onKeyPress={[Function]}
        tabIndex="0"
      >
        4
      </a>
      <a
        className="css-4kq8mq e165j7gc0"
        href="?searchResultCard=5"
        onClick={[Function]}
        onKeyPress={[Function]}
        tabIndex="0"
      >
        5
      </a>
      <a
        className="css-4kq8mq e165j7gc0"
        disabled={false}
        href="?searchResultCard=2"
        onClick={[Function]}
        onKeyPress={[Function]}
        rel="next"
        tabIndex="0"
      >
        Next
      </a>
    </div>
  </div>
</div>
`;
